[backblue.gif]
[fade.gif]
[index.html]
[thepixelcurve.com/html/techwix/techwix/assets/images/favicon.png]
[thepixelcurve.com/html/techwix/techwix/assets/images/logo.png]
[thepixelcurve.com/html/techwix/techwix/assets/images/logo-3.png]
[thepixelcurve.com/html/techwix/techwix/assets/images/shop-cart-1.jpg]
[thepixelcurve.com/html/techwix/techwix/assets/images/shop-cart-2.jpg]
[thepixelcurve.com/html/techwix/techwix/assets/images/shop-cart-3.jpg]
[thepixelcurve.com/html/techwix/techwix/assets/images/logo-white.png]
[thepixelcurve.com/html/techwix/techwix/assets/images/hero-bg4.jpg]
[thepixelcurve.com/html/techwix/techwix/assets/images/shape/hero4-shape1.png]
[thepixelcurve.com/html/techwix/techwix/assets/images/shape/hero4-shape2.png]
[thepixelcurve.com/html/techwix/techwix/assets/images/bg/feat-bg.jpg]
[thepixelcurve.com/html/techwix/techwix/assets/images/feat-1.png]
[thepixelcurve.com/html/techwix/techwix/assets/images/feat-2.png]
[thepixelcurve.com/html/techwix/techwix/assets/images/feat-3.png]
[thepixelcurve.com/html/techwix/techwix/assets/images/shape/experince-shape.png]
[thepixelcurve.com/html/techwix/techwix/assets/images/ser-img1.jpg]
[thepixelcurve.com/html/techwix/techwix/assets/images/ser-img2.jpg]
[thepixelcurve.com/html/techwix/techwix/assets/images/ser-img3.jpg]
[thepixelcurve.com/html/techwix/techwix/assets/images/bg/choose-us-bg2.jpg]
[thepixelcurve.com/html/techwix/techwix/assets/images/sign.png]
[thepixelcurve.com/html/techwix/techwix/assets/images/bg/video-bg.jpg]
[thepixelcurve.com/html/techwix/techwix/assets/images/bg/testi-bg3.jpg]
[thepixelcurve.com/html/techwix/techwix/assets/images/testi-3.jpg]
[thepixelcurve.com/html/techwix/techwix/assets/images/testi-icon.png]
[thepixelcurve.com/html/techwix/techwix/assets/images/testi-4.jpg]
[thepixelcurve.com/html/techwix/techwix/assets/images/shape/contact-shape.png]
[thepixelcurve.com/html/techwix/techwix/assets/images/bg/footer-bg3.jpg]
[thepixelcurve.com/html/techwix/techwix/assets/js/vendor/jquery-1.12.4.min.js]
[thepixelcurve.com/html/techwix/techwix/assets/js/vendor/modernizr-3.11.2.min.js]
[thepixelcurve.com/html/techwix/techwix/assets/js/plugins/popper.min.js]
[thepixelcurve.com/html/techwix/techwix/assets/js/plugins/bootstrap.min.js]
[thepixelcurve.com/html/techwix/techwix/assets/js/plugins/swiper-bundle.min.js]
[thepixelcurve.com/html/techwix/techwix/assets/js/plugins/aos.js]
[thepixelcurve.com/html/techwix/techwix/assets/js/plugins/waypoints.min.js]
[thepixelcurve.com/html/techwix/techwix/assets/js/plugins/back-to-top.js]
[thepixelcurve.com/html/techwix/techwix/assets/js/plugins/jquery.counterup.min.js]
[thepixelcurve.com/html/techwix/techwix/assets/js/plugins/appear.min.js]
[thepixelcurve.com/html/techwix/techwix/assets/js/plugins/jquery.magnific-popup.min.js]
[thepixelcurve.com/html/techwix/techwix/assets/js/main.js]
[thepixelcurve.com/html/techwix/techwix/index-4.html]
[thepixelcurve.com/html/techwix/techwix/assets/fonts/fa-brands-400.eot]
[thepixelcurve.com/html/techwix/techwix/assets/fonts/fa-brands-400d41d.eot]
[thepixelcurve.com/html/techwix/techwix/assets/fonts/fa-brands-400.woff2]
[thepixelcurve.com/html/techwix/techwix/assets/fonts/fa-brands-400.woff]
[thepixelcurve.com/html/techwix/techwix/assets/fonts/fa-brands-400.ttf]
[thepixelcurve.com/html/techwix/techwix/assets/fonts/fa-regular-400.eot]
[thepixelcurve.com/html/techwix/techwix/assets/fonts/fa-regular-400d41d.eot]
[thepixelcurve.com/html/techwix/techwix/assets/fonts/fa-regular-400.woff2]
[thepixelcurve.com/html/techwix/techwix/assets/fonts/fa-regular-400.woff]
[thepixelcurve.com/html/techwix/techwix/assets/fonts/fa-regular-400.ttf]
[thepixelcurve.com/html/techwix/techwix/assets/fonts/fa-solid-900.eot]
[thepixelcurve.com/html/techwix/techwix/assets/fonts/fa-solid-900d41d.eot]
[thepixelcurve.com/html/techwix/techwix/assets/fonts/fa-solid-900.woff2]
[thepixelcurve.com/html/techwix/techwix/assets/fonts/fa-solid-900.woff]
[thepixelcurve.com/html/techwix/techwix/assets/fonts/fa-solid-900.ttf]
[thepixelcurve.com/html/techwix/techwix/assets/css/plugins/all.min.css]
[thepixelcurve.com/html/techwix/techwix/assets/fonts/flaticon8953.ttf]
[thepixelcurve.com/html/techwix/techwix/assets/fonts/flaticon8953.woff]
[thepixelcurve.com/html/techwix/techwix/assets/fonts/flaticon8953.woff2]
[thepixelcurve.com/html/techwix/techwix/assets/fonts/flaticon8953.eot]
[thepixelcurve.com/html/techwix/techwix/assets/css/plugins/flaticon.css]
[thepixelcurve.com/html/techwix/techwix/assets/css/plugins/bootstrap.min.css]
[thepixelcurve.com/html/techwix/techwix/assets/css/plugins/swiper-bundle.min.css]
[thepixelcurve.com/html/techwix/techwix/assets/css/plugins/aos.css]
[thepixelcurve.com/html/techwix/techwix/assets/css/plugins/magnific-popup.css]
[thepixelcurve.com/html/techwix/techwix/assets/images/bg/service-bg4.jpg]
[thepixelcurve.com/html/techwix/techwix/assets/css/style.css]
[thepixelcurve.com/html/techwix/techwix/assets/images/hero-bg3.jpg]
[thepixelcurve.com/html/techwix/techwix/assets/images/bg/service-bg3.jpg]
[thepixelcurve.com/html/techwix/techwix/assets/images/ser-icon9.png]
[thepixelcurve.com/html/techwix/techwix/assets/images/ser-icon10.png]
[thepixelcurve.com/html/techwix/techwix/assets/images/ser-icon11.png]
[thepixelcurve.com/html/techwix/techwix/assets/images/ser-icon12.png]
[thepixelcurve.com/html/techwix/techwix/assets/images/about-big2.jpg]
[thepixelcurve.com/html/techwix/techwix/assets/images/about-sm2.jpg]
[thepixelcurve.com/html/techwix/techwix/assets/images/counter-1.png]
[thepixelcurve.com/html/techwix/techwix/assets/images/counter-2.png]
[thepixelcurve.com/html/techwix/techwix/assets/images/counter-3.png]
[thepixelcurve.com/html/techwix/techwix/assets/images/bg/choose-us-bg.jpg]
[thepixelcurve.com/html/techwix/techwix/assets/images/choose-us1.jpg]
[thepixelcurve.com/html/techwix/techwix/assets/images/choose-us2.jpg]
[thepixelcurve.com/html/techwix/techwix/assets/images/choose-us3.jpg]
[thepixelcurve.com/html/techwix/techwix/assets/images/bg/case-study-bg.jpg]
[thepixelcurve.com/html/techwix/techwix/assets/images/case-4.jpg]
[thepixelcurve.com/html/techwix/techwix/assets/images/case-5.jpg]
[thepixelcurve.com/html/techwix/techwix/assets/images/case-6.jpg]
[thepixelcurve.com/html/techwix/techwix/assets/images/brand/brand-1.png]
[thepixelcurve.com/html/techwix/techwix/assets/images/brand/brand-2.png]
[thepixelcurve.com/html/techwix/techwix/assets/images/brand/brand-3.png]
[thepixelcurve.com/html/techwix/techwix/assets/images/brand/brand-4.png]
[thepixelcurve.com/html/techwix/techwix/assets/images/brand/brand-5.png]
[thepixelcurve.com/html/techwix/techwix/assets/images/team/team-1.jpg]
[thepixelcurve.com/html/techwix/techwix/assets/images/team/team-2.jpg]
[thepixelcurve.com/html/techwix/techwix/assets/images/team/team-3.jpg]
[thepixelcurve.com/html/techwix/techwix/assets/images/team/team-4.jpg]
[thepixelcurve.com/html/techwix/techwix/assets/images/blog/blog-1.jpg]
[thepixelcurve.com/html/techwix/techwix/assets/images/blog/blog-2.jpg]
[thepixelcurve.com/html/techwix/techwix/assets/images/blog/blog-3.jpg]
[thepixelcurve.com/html/techwix/techwix/assets/images/bg/cta-bg.jpg]
[thepixelcurve.com/html/techwix/techwix/assets/images/cta-icon2.png]
[thepixelcurve.com/html/techwix/techwix/assets/images/bg/footer-bg.jpg]
[thepixelcurve.com/html/techwix/techwix/index.html]
[thepixelcurve.com/html/techwix/techwix/assets/images/bg/hero-bg5.jpg]
[thepixelcurve.com/html/techwix/techwix/assets/images/hero-img.png]
[thepixelcurve.com/html/techwix/techwix/assets/images/about-big3.jpg]
[thepixelcurve.com/html/techwix/techwix/assets/images/about-sm3.jpg]
[thepixelcurve.com/html/techwix/techwix/assets/images/about-icon1.png]
[thepixelcurve.com/html/techwix/techwix/assets/images/about-icon2.png]
[thepixelcurve.com/html/techwix/techwix/assets/images/ser-icon13.png]
[thepixelcurve.com/html/techwix/techwix/assets/images/ser-icon14.png]
[thepixelcurve.com/html/techwix/techwix/assets/images/ser-icon15.png]
[thepixelcurve.com/html/techwix/techwix/assets/images/ser-icon16.png]
[thepixelcurve.com/html/techwix/techwix/assets/images/bg/counter-bg.jpg]
[thepixelcurve.com/html/techwix/techwix/assets/images/solution-1.jpg]
[thepixelcurve.com/html/techwix/techwix/assets/images/solution-img2.jpg]
[thepixelcurve.com/html/techwix/techwix/assets/images/solution-img3.jpg]
[thepixelcurve.com/html/techwix/techwix/assets/images/bg/testi-bg4.jpg]
[thepixelcurve.com/html/techwix/techwix/assets/images/bg/cta-bg2.jpg]
[thepixelcurve.com/html/techwix/techwix/index-2.html]
[thepixelcurve.com/html/techwix/techwix/assets/images/bg/hero-bg6.jpg]
[thepixelcurve.com/html/techwix/techwix/assets/images/shape/hero-shape1.png]
[thepixelcurve.com/html/techwix/techwix/assets/images/hero-img2.png]
[thepixelcurve.com/html/techwix/techwix/assets/images/feat-4.png]
[thepixelcurve.com/html/techwix/techwix/assets/images/feat-5.png]
[thepixelcurve.com/html/techwix/techwix/assets/images/shape/about-shape1.png]
[thepixelcurve.com/html/techwix/techwix/assets/images/about-img3.jpg]
[thepixelcurve.com/html/techwix/techwix/assets/images/bg/service-bg6.jpg]
[thepixelcurve.com/html/techwix/techwix/assets/images/ser-icon17.png]
[thepixelcurve.com/html/techwix/techwix/assets/images/ser-icon18.png]
[thepixelcurve.com/html/techwix/techwix/assets/images/ser-icon19.png]
[thepixelcurve.com/html/techwix/techwix/assets/images/ser-icon20.png]
[thepixelcurve.com/html/techwix/techwix/assets/images/shape/experince-shape2.png]
[thepixelcurve.com/html/techwix/techwix/assets/images/shape/exp-bg2.jpg]
[thepixelcurve.com/html/techwix/techwix/assets/images/bg/cta-bg3.jpg]
[thepixelcurve.com/html/techwix/techwix/assets/images/cta-icon3.png]
[thepixelcurve.com/html/techwix/techwix/assets/images/shape/testi-shape6.png]
[thepixelcurve.com/html/techwix/techwix/assets/images/bg/cta-bg4.jpg]
[thepixelcurve.com/html/techwix/techwix/index-3.html]
[thepixelcurve.com/html/techwix/techwix/assets/images/bg/hero-bg1.png]
[thepixelcurve.com/html/techwix/techwix/assets/images/hero-img1.png]
[thepixelcurve.com/html/techwix/techwix/assets/images/ser-icon1.png]
[thepixelcurve.com/html/techwix/techwix/assets/images/ser-icon2.png]
[thepixelcurve.com/html/techwix/techwix/assets/images/ser-icon3.png]
[thepixelcurve.com/html/techwix/techwix/assets/images/ser-icon4.png]
[thepixelcurve.com/html/techwix/techwix/assets/images/cta-icon1.png]
[thepixelcurve.com/html/techwix/techwix/assets/images/bg/about-bg.png]
[thepixelcurve.com/html/techwix/techwix/assets/images/about-1.jpg]
[thepixelcurve.com/html/techwix/techwix/assets/images/about-2.jpg]
[thepixelcurve.com/html/techwix/techwix/assets/images/case-1.jpg]
[thepixelcurve.com/html/techwix/techwix/assets/images/case-meta1.png]
[thepixelcurve.com/html/techwix/techwix/assets/images/case-2.jpg]
[thepixelcurve.com/html/techwix/techwix/assets/images/case-meta2.png]
[thepixelcurve.com/html/techwix/techwix/assets/images/case-3.jpg]
[thepixelcurve.com/html/techwix/techwix/assets/images/case-meta3.png]
[thepixelcurve.com/html/techwix/techwix/assets/images/shape/testi-shape1.png]
[thepixelcurve.com/html/techwix/techwix/assets/images/testi-img.png]
[thepixelcurve.com/html/techwix/techwix/index-5.html]
[thepixelcurve.com/html/techwix/techwix/assets/images/logo-2.png]
[thepixelcurve.com/html/techwix/techwix/assets/images/hero2-bg.jpg]
[thepixelcurve.com/html/techwix/techwix/assets/images/about-big.jpg]
[thepixelcurve.com/html/techwix/techwix/assets/images/about-sm.jpg]
[thepixelcurve.com/html/techwix/techwix/assets/images/bg/service-bg.jpg]
[thepixelcurve.com/html/techwix/techwix/assets/images/ser-icon5.png]
[thepixelcurve.com/html/techwix/techwix/assets/images/next-icon.png]
[thepixelcurve.com/html/techwix/techwix/assets/images/ser-icon6.png]
[thepixelcurve.com/html/techwix/techwix/assets/images/ser-icon7.png]
[thepixelcurve.com/html/techwix/techwix/assets/images/ser-icon8.png]
[thepixelcurve.com/html/techwix/techwix/assets/images/sign-2.png]
[thepixelcurve.com/html/techwix/techwix/assets/images/bg/testi-bg2.jpg]
[thepixelcurve.com/html/techwix/techwix/assets/images/testi-1.jpg]
[thepixelcurve.com/html/techwix/techwix/assets/images/testi-icon2.png]
[thepixelcurve.com/html/techwix/techwix/assets/images/testi-2.jpg]
[thepixelcurve.com/html/techwix/techwix/assets/images/subscribe-icon.png]
[thepixelcurve.com/html/techwix/techwix/assets/images/bg/footer-bg2.jpg]
[thepixelcurve.com/html/techwix/techwix/index-6.html]
[thepixelcurve.com/html/techwix/techwix/assets/images/bg/page-banner.jpg]
[thepixelcurve.com/html/techwix/techwix/assets/images/shape/about-shape2.png]
[thepixelcurve.com/html/techwix/techwix/assets/images/about-3.jpg]
[thepixelcurve.com/html/techwix/techwix/assets/images/about-4.jpg]
[thepixelcurve.com/html/techwix/techwix/assets/images/bg/counter-bg2.jpg]
[thepixelcurve.com/html/techwix/techwix/assets/images/bg/choose-us-bg3.jpg]
[thepixelcurve.com/html/techwix/techwix/assets/images/ser-icon21.png]
[thepixelcurve.com/html/techwix/techwix/assets/images/ser-icon22.png]
[thepixelcurve.com/html/techwix/techwix/assets/images/bg/team-bg1.jpg]
[thepixelcurve.com/html/techwix/techwix/about.html]
[thepixelcurve.com/html/techwix/techwix/team.html]
[thepixelcurve.com/html/techwix/techwix/assets/images/bg/cta-bg5.jpg]
[thepixelcurve.com/html/techwix/techwix/service.html]
[thepixelcurve.com/html/techwix/techwix/assets/images/bg/skill-bg.jpg]
[thepixelcurve.com/html/techwix/techwix/choose-us.html]
[thepixelcurve.com/html/techwix/techwix/assets/images/bg/testi-bg.jpg]
[thepixelcurve.com/html/techwix/techwix/testimonial.html]
[thepixelcurve.com/html/techwix/techwix/pricing.html]
[thepixelcurve.com/html/techwix/techwix/login-register.html]
[thepixelcurve.com/html/techwix/techwix/assets/images/blog/blog-5.jpg]
[thepixelcurve.com/html/techwix/techwix/assets/images/blog/blog-6.jpg]
[thepixelcurve.com/html/techwix/techwix/assets/images/blog/blog-4.jpg]
[thepixelcurve.com/html/techwix/techwix/assets/images/blog/blog-7.jpg]
[thepixelcurve.com/html/techwix/techwix/assets/images/blog/blog-8.jpg]
[thepixelcurve.com/html/techwix/techwix/assets/images/blog/blog-9.jpg]
[thepixelcurve.com/html/techwix/techwix/blog.html]
[thepixelcurve.com/html/techwix/techwix/assets/images/blog/blog-s-1.jpg]
[thepixelcurve.com/html/techwix/techwix/assets/images/blog/blog-s-2.jpg]
[thepixelcurve.com/html/techwix/techwix/assets/images/blog/blog-s-3.jpg]
[thepixelcurve.com/html/techwix/techwix/assets/images/blog/r-post1.jpg]
[thepixelcurve.com/html/techwix/techwix/assets/images/blog/r-post2.jpg]
[thepixelcurve.com/html/techwix/techwix/assets/images/blog/r-post3.jpg]
[thepixelcurve.com/html/techwix/techwix/assets/images/blog/sidebar-img.jpg]
[thepixelcurve.com/html/techwix/techwix/blog-standard.html]
[thepixelcurve.com/html/techwix/techwix/assets/images/blog/p-post-1.jpg]
[thepixelcurve.com/html/techwix/techwix/assets/images/blog/p-post-2.jpg]
[thepixelcurve.com/html/techwix/techwix/blog-details.html]
[thepixelcurve.com/html/techwix/techwix/assets/images/info-1.png]
[thepixelcurve.com/html/techwix/techwix/assets/images/info-2.png]
[thepixelcurve.com/html/techwix/techwix/assets/images/info-3.png]
[thepixelcurve.com/html/techwix/techwix/contact.html]
[thepixelcurve.com/html/techwix/techwix/assets/fonts/fa-brands-400.svg]
[thepixelcurve.com/html/techwix/techwix/assets/fonts/fa-regular-400.svg]
[thepixelcurve.com/html/techwix/techwix/assets/fonts/fa-solid-900.svg]
[thepixelcurve.com/html/techwix/techwix/assets/fonts/flaticon8953.svg]
